floor_stone:floor_stone:floor_stone:floor_stone:floor_stone:floor_stone:floor_stone:floor_stone:floor_stone:floor_stone:floor_stone:floor_stone:floor_stone:floor_stone:floor_stone:floor_stone:floor_stone:floor_stone:floor_stone:floor_stone:floor_stone:floor_stone:floor_stone:floor_stone:floor_stone:floor_stone:floor_stone:floor_stone:floor_stone:floor_stone:floor_stone:floor_stone:floor_stone:floor_stone:floor_stone:floor_stone:floor_stone:floor_stone:floor_stone:floor_stone:floor_stone:floor_stone:floor_stone:floor_stone:floor_stone:floor_stone:floor_stone:floor_stone:floor_stone:floor_stone
floor_stone:floor_stone:floor_stone:floor_stone:floor_stone:floor_stone:floor_stone:floor_stone:floor_stone:floor_stone:floor_stone:floor_stone:floor_stone:floor_stone:floor_stone:floor_stone:floor_stone:floor_stone:floor_stone:floor_stone:floor_stone:floor_stone:floor_stone:floor_stone:floor_stone:floor_stone:floor_stone:floor_stone:floor_stone:floor_stone:floor_stone:floor_stone:floor_stone:floor_stone:floor_stone:floor_stone:floor_stone:floor_stone:floor_stone:floor_stone:floor_stone:floor_stone:floor_stone:floor_stone:floor_stone:floor_stone:floor_stone:floor_stone:floor_stone:floor_stone
floor_stone:floor_stone:floor_stone:floor_stone:floor_stone:floor_stone:floor_stone:floor_stone:floor_stone:floor_stone:floor_stone:floor_stone:floor_stone:floor_stone:floor_stone:floor_stone:floor_stone:floor_stone:floor_stone:floor_stone:floor_stone:floor_stone:floor_stone:floor_stone:floor_stone:floor_stone:floor_stone:floor_stone:floor_stone:floor_stone:floor_stone:floor_stone:floor_stone:floor_stone:floor_stone:floor_stone:floor_stone:floor_stone:floor_stone:floor_stone:floor_stone:floor_stone:floor_stone:floor_stone:floor_stone:floor_stone:floor_stone:floor_stone:floor_stone:floor_stone
floor_stone:floor_stone:floor_stone:floor_stone:floor_stone:floor_stone:floor_stone:floor_stone:floor_stone:floor_stone:floor_stone:floor_stone:floor_stone:floor_stone:floor_stone:floor_stone:floor_stone:floor_stone:floor_stone:floor_stone:floor_stone:floor_stone:floor_stone:floor_stone:floor_stone:floor_stone:floor_stone:floor_stone:floor_stone:floor_stone:floor_stone:floor_stone:floor_stone:floor_stone:floor_stone:floor_stone:floor_stone:floor_stone:floor_stone:floor_stone:floor_stone:floor_stone:floor_stone:floor_stone:floor_stone:floor_stone:floor_stone:floor_stone:floor_stone:floor_stone
floor_stone:floor_stone:floor_stone:floor_stone:floor_stone:floor_stone:floor_stone:floor_stone:floor_stone:floor_stone:floor_stone:floor_stone:floor_stone:floor_stone:floor_stone:floor_stone:floor_stone:floor_stone:floor_stone:floor_stone:floor_stone:floor_stone:floor_stone:floor_stone:floor_stone:floor_stone:floor_stone:floor_stone:floor_stone:floor_stone:floor_stone:floor_stone:floor_stone:floor_stone:floor_stone:floor_stone:floor_stone:floor_stone:floor_stone:floor_stone:floor_stone:floor_stone:floor_stone:floor_stone:floor_stone:floor_stone:floor_stone:floor_stone:floor_stone:floor_stone
floor_stone:floor_stone:floor_stone:floor_stone:floor_stone:floor_stone:floor_stone:floor_stone:floor_stone:floor_stone:floor_stone:floor_stone:floor_stone:floor_stone:floor_stone:floor_stone:floor_stone:floor_stone:floor_stone:floor_stone:floor_stone:floor_stone:floor_stone:floor_stone:floor_stone:floor_stone:floor_stone:floor_stone:floor_stone:floor_stone:floor_stone:floor_stone:floor_stone:floor_stone:floor_stone:floor_stone:floor_stone:floor_stone:floor_stone:floor_stone:floor_stone:floor_stone:floor_stone:floor_stone:floor_stone:floor_stone:floor_stone:floor_stone:floor_stone:floor_stone
floor_stone:floor_stone:floor_stone:floor_stone:floor_stone:floor_stone:floor_stone:floor_stone:floor_stone:floor_stone:floor_stone:floor_stone:floor_stone:floor_stone:floor_stone:floor_stone:floor_stone:floor_stone:floor_stone:floor_stone:floor_stone:floor_stone:floor_stone:floor_stone:floor_stone:floor_stone:floor_stone:floor_stone:floor_stone:floor_stone:floor_stone:floor_stone:floor_stone:floor_stone:floor_stone:floor_stone:floor_stone:floor_stone:floor_stone:floor_stone:floor_stone:floor_stone:floor_stone:floor_stone:floor_stone:floor_stone:floor_stone:floor_stone:floor_stone:floor_stone
floor_stone:floor_stone:floor_stone:floor_stone:floor_stone:floor_stone:floor_stone:floor_stone:floor_stone:floor_stone:floor_stone:floor_stone:floor_stone:floor_stone:floor_stone:floor_stone:floor_stone:floor_stone:floor_stone:floor_stone:floor_stone:floor_stone:floor_stone:floor_stone:floor_stone:floor_stone:floor_stone:floor_stone:floor_stone:floor_stone:floor_stone:floor_stone:floor_stone:floor_stone:floor_stone:floor_stone:floor_stone:floor_stone:floor_stone:floor_stone:floor_stone:floor_stone:floor_stone:floor_stone:floor_stone:floor_stone:floor_stone:floor_stone:floor_stone:floor_stone
floor_stone:floor_stone:floor_stone:floor_stone:floor_stone:floor_stone:floor_stone:floor_stone:floor_stone:floor_stone:floor_stone:floor_stone:floor_stone:floor_stone:floor_stone:floor_stone:floor_stone:floor_stone:floor_stone:floor_stone:floor_stone:floor_stone:floor_stone:floor_stone:floor_stone:floor_stone:floor_stone:floor_stone:floor_stone:floor_stone:floor_stone:floor_stone:floor_stone:floor_stone:floor_stone:floor_stone:floor_stone:floor_stone:floor_stone:floor_stone:floor_stone:floor_stone:floor_stone:floor_stone:floor_stone:floor_stone:floor_stone:floor_stone:floor_stone:floor_stone
floor_stone:floor_stone:floor_stone:floor_stone:floor_stone:floor_stone:floor_stone:floor_stone:floor_stone:floor_stone:floor_stone:floor_stone:floor_stone:floor_stone:floor_stone:floor_stone:floor_stone:floor_stone:floor_stone:floor_stone:floor_stone:floor_stone:floor_stone:floor_stone:floor_stone:floor_stone:floor_stone:floor_stone:floor_stone:floor_stone:floor_stone:floor_stone:floor_stone:floor_stone:floor_stone:floor_stone:floor_stone:floor_stone:floor_stone:floor_stone:floor_stone:floor_stone:floor_stone:floor_stone:floor_stone:floor_stone:floor_stone:floor_stone:floor_stone:floor_stone
floor_stone:floor_stone:floor_stone:floor_stone:floor_stone:floor_stone:floor_stone:floor_stone:floor_stone:floor_stone:floor_stone:floor_stone:floor_stone:floor_stone:floor_stone:floor_stone:floor_stone:floor_stone:floor_stone:floor_stone:floor_stone:floor_stone:floor_stone:floor_stone:floor_stone:floor_stone:floor_stone:floor_stone:floor_stone:floor_stone:floor_stone:floor_stone:floor_stone:floor_stone:floor_stone:floor_stone:floor_stone:floor_stone:floor_stone:floor_stone:floor_stone:floor_stone:floor_stone:floor_stone:floor_stone:floor_stone:floor_stone:floor_stone:floor_stone:floor_stone
floor_stone:floor_stone:floor_stone:floor_stone:floor_stone:floor_stone:floor_stone:floor_stone:floor_stone:floor_stone:floor_stone:floor_stone:floor_stone:floor_stone:floor_stone:floor_stone:floor_stone:floor_stone:floor_stone:floor_stone:floor_stone:floor_stone:floor_stone:floor_stone:floor_stone:floor_stone:floor_stone:floor_stone:floor_stone:floor_stone:floor_stone:floor_stone:floor_stone:floor_stone:floor_stone:floor_stone:floor_stone:floor_stone:floor_stone:floor_stone:floor_stone:floor_stone:floor_stone:floor_stone:floor_stone:floor_stone:floor_stone:floor_stone:floor_stone:floor_stone
floor_stone:floor_stone:floor_stone:floor_stone:floor_stone:floor_stone:floor_stone:floor_stone:floor_stone:floor_stone:floor_stone:floor_stone:floor_stone:floor_stone:floor_stone:floor_stone:floor_stone:floor_stone:floor_stone:floor_stone:floor_stone:floor_stone:floor_stone:floor_stone:floor_stone:floor_stone:floor_stone:floor_stone:floor_stone:floor_stone:floor_stone:floor_stone:floor_stone:floor_stone:floor_stone:floor_stone:floor_stone:floor_stone:floor_stone:floor_stone:floor_stone:floor_stone:floor_stone:floor_stone:floor_stone:floor_stone:floor_stone:floor_stone:floor_stone:floor_stone
floor_stone:floor_stone:floor_stone:floor_stone:floor_stone:floor_stone:floor_stone:floor_stone:floor_stone:floor_stone:floor_stone:floor_stone:floor_stone:floor_stone:floor_stone:floor_stone:floor_stone:floor_stone:floor_stone:floor_stone:floor_stone:floor_stone:floor_stone:floor_stone:floor_stone:floor_stone:floor_stone:floor_stone:floor_stone:floor_stone:floor_stone:floor_stone:floor_stone:floor_stone:floor_stone:floor_stone:floor_stone:floor_stone:floor_stone:floor_stone:floor_stone:floor_stone:floor_stone:floor_stone:floor_stone:floor_stone:floor_stone:floor_stone:floor_stone:floor_stone
floor_stone:floor_stone:floor_stone:floor_stone:floor_stone:floor_stone:floor_stone:floor_stone:floor_stone:floor_stone:floor_stone:floor_stone:floor_stone:floor_stone:floor_stone:floor_stone:floor_stone:floor_stone:floor_stone:floor_stone:floor_stone:floor_stone:floor_stone:floor_stone:floor_stone:floor_stone:floor_stone:floor_stone:floor_stone:floor_stone:floor_stone:floor_stone:floor_stone:floor_stone:floor_stone:floor_stone:floor_stone:floor_stone:floor_stone:floor_stone:floor_stone:floor_stone:floor_stone:floor_stone:floor_stone:floor_stone:floor_stone:floor_stone:floor_stone:floor_stone
floor_stone:floor_stone:floor_stone:floor_stone:floor_stone:floor_stone:floor_stone:floor_stone:floor_stone:floor_stone:floor_stone:floor_stone:floor_stone:floor_stone:floor_stone:floor_stone:floor_stone:floor_stone:floor_stone:floor_stone:floor_stone:floor_stone:floor_stone:floor_stone:floor_stone:floor_stone:floor_stone:floor_stone:floor_stone:floor_stone:floor_stone:floor_stone:floor_stone:floor_stone:floor_stone:floor_stone:floor_stone:floor_stone:floor_stone:floor_stone:floor_stone:floor_stone:floor_stone:floor_stone:floor_stone:floor_stone:floor_stone:floor_stone:floor_stone:floor_stone
floor_stone:floor_stone:floor_stone:floor_stone:floor_stone:floor_stone:floor_stone:floor_stone:floor_stone:floor_stone:floor_stone:floor_stone:floor_stone:floor_stone:floor_stone:floor_stone:floor_stone:floor_stone:floor_stone:floor_stone:floor_stone:floor_stone:floor_stone:floor_stone:floor_stone:floor_stone:floor_stone:floor_stone:floor_stone:floor_stone:floor_stone:floor_stone:floor_stone:floor_stone:floor_stone:floor_stone:floor_stone:floor_stone:floor_stone:floor_stone:floor_stone:floor_stone:floor_stone:floor_stone:floor_stone:floor_stone:floor_stone:floor_stone:floor_stone:floor_stone
floor_stone:floor_stone:floor_stone:floor_stone:floor_stone:floor_stone:floor_stone:floor_stone:floor_stone:floor_stone:floor_stone:floor_stone:floor_stone:floor_stone:floor_stone:floor_stone:floor_stone:floor_stone:floor_stone:floor_stone:floor_stone:floor_stone:floor_stone:floor_stone:floor_stone:floor_stone:floor_stone:floor_stone:floor_stone:floor_stone:floor_stone:floor_stone:floor_stone:floor_stone:floor_stone:floor_stone:floor_stone:floor_stone:floor_stone:floor_stone:floor_stone:floor_stone:floor_stone:floor_stone:floor_stone:floor_stone:floor_stone:floor_stone:floor_stone:floor_stone
floor_stone:floor_stone:floor_stone:floor_stone:floor_stone:floor_stone:floor_stone:floor_stone:floor_stone:floor_stone:floor_stone:floor_stone:floor_stone:floor_stone:floor_stone:floor_stone:floor_stone:floor_stone:floor_stone:floor_stone:floor_stone:floor_stone:floor_stone:floor_stone:floor_stone:floor_stone:floor_stone:floor_stone:floor_stone:floor_stone:floor_stone:floor_stone:floor_stone:floor_stone:floor_stone:floor_stone:floor_stone:floor_stone:floor_stone:floor_stone:floor_stone:floor_stone:floor_stone:floor_stone:floor_stone:floor_stone:floor_stone:floor_stone:floor_stone:floor_stone
floor_stone:floor_stone:floor_stone:floor_stone:floor_stone:floor_stone:floor_stone:floor_stone:floor_stone:floor_stone:floor_stone:floor_stone:floor_stone:floor_stone:floor_stone:floor_stone:floor_stone:floor_stone:floor_stone:floor_stone:floor_stone:floor_stone:floor_stone:floor_stone:floor_stone:floor_stone:floor_stone:floor_stone:floor_stone:floor_stone:floor_stone:floor_stone:floor_stone:floor_stone:floor_stone:floor_stone:floor_stone:floor_stone:floor_stone:floor_stone:floor_stone:floor_stone:floor_stone:floor_stone:floor_stone:floor_stone:floor_stone:floor_stone:floor_stone:floor_stone
floor_stone:floor_stone:floor_stone:floor_stone:floor_stone:floor_stone:floor_stone:floor_stone:floor_stone:floor_stone:floor_stone:floor_stone:floor_stone:floor_stone:floor_stone:floor_stone:floor_stone:floor_stone:floor_stone:floor_stone:floor_stone:floor_stone:floor_stone:floor_stone:floor_stone:floor_stone:floor_stone:floor_stone:floor_stone:floor_stone:floor_stone:floor_stone:floor_stone:floor_stone:floor_stone:floor_stone:floor_stone:floor_stone:floor_stone:floor_stone:floor_stone:floor_stone:floor_stone:floor_stone:floor_stone:floor_stone:floor_stone:floor_stone:floor_stone:floor_stone
floor_stone:floor_stone:floor_stone:floor_stone:floor_stone:floor_stone:floor_stone:floor_stone:floor_stone:floor_stone:floor_stone:floor_stone:floor_stone:floor_stone:floor_stone:floor_stone:floor_stone:floor_stone:floor_stone:floor_stone:floor_stone:floor_stone:floor_stone:floor_stone:floor_stone:floor_stone:floor_stone:floor_stone:floor_stone:floor_stone:floor_stone:floor_stone:floor_stone:floor_stone:floor_stone:floor_stone:floor_stone:floor_stone:floor_stone:floor_stone:floor_stone:floor_stone:floor_stone:floor_stone:floor_stone:floor_stone:floor_stone:floor_stone:floor_stone:floor_stone
floor_stone:floor_stone:floor_stone:floor_stone:floor_stone:floor_stone:floor_stone:floor_stone:floor_stone:floor_stone:floor_stone:floor_stone:floor_stone:floor_stone:floor_stone:floor_stone:floor_stone:floor_stone:floor_stone:floor_stone:floor_stone:floor_stone:floor_stone:floor_stone:floor_stone:floor_stone:floor_stone:floor_stone:floor_stone:floor_stone:floor_stone:floor_stone:floor_stone:floor_stone:floor_stone:floor_stone:floor_stone:floor_stone:floor_stone:floor_stone:floor_stone:floor_stone:floor_stone:floor_stone:floor_stone:floor_stone:floor_stone:floor_stone:floor_stone:floor_stone
floor_stone:floor_stone:floor_stone:floor_stone:floor_stone:floor_stone:floor_stone:floor_stone:floor_stone:floor_stone:floor_stone:floor_stone:floor_stone:floor_stone:floor_stone:floor_stone:floor_stone:floor_stone:floor_stone:floor_stone:floor_stone:floor_stone:floor_stone:floor_stone:floor_stone:floor_stone:floor_stone:floor_stone:floor_stone:floor_stone:floor_stone:floor_stone:floor_stone:floor_stone:floor_stone:floor_stone:floor_stone:floor_stone:floor_stone:floor_stone:floor_stone:floor_stone:floor_stone:floor_stone:floor_stone:floor_stone:floor_stone:floor_stone:floor_stone:floor_stone
floor_stone:floor_stone:floor_stone:floor_stone:floor_stone:floor_stone:floor_stone:floor_stone:floor_stone:floor_stone:floor_stone:floor_stone:floor_stone:floor_stone:floor_stone:floor_stone:floor_stone:floor_stone:floor_stone:floor_stone:floor_stone:floor_stone:floor_stone:floor_stone:floor_stone:floor_stone:floor_stone:floor_stone:floor_stone:floor_stone:floor_stone:floor_stone:floor_stone:floor_stone:floor_stone:floor_stone:floor_stone:floor_stone:floor_stone:floor_stone:floor_stone:floor_stone:floor_stone:floor_stone:floor_stone:floor_stone:floor_stone:floor_stone:floor_stone:floor_stone
floor_stone:floor_stone:floor_stone:floor_stone:floor_stone:floor_stone:floor_stone:floor_stone:floor_stone:floor_stone:floor_stone:floor_stone:floor_stone:floor_stone:floor_stone:floor_stone:floor_stone:floor_stone:floor_stone:floor_stone:floor_stone:floor_stone:floor_stone:floor_stone:floor_stone:floor_stone:floor_stone:floor_stone:floor_stone:floor_stone:floor_stone:floor_stone:floor_stone:floor_stone:floor_stone:floor_stone:floor_stone:floor_stone:floor_stone:floor_stone:floor_stone:floor_stone:floor_stone:floor_stone:floor_stone:floor_stone:floor_stone:floor_stone:floor_stone:floor_stone
floor_stone:floor_stone:floor_stone:floor_stone:floor_stone:floor_stone:floor_stone:floor_stone:floor_stone:floor_stone:floor_stone:floor_stone:floor_stone:floor_stone:floor_stone:floor_stone:floor_stone:floor_stone:floor_stone:floor_stone:floor_stone:floor_stone:floor_stone:floor_stone:floor_stone:floor_stone:floor_stone:floor_stone:floor_stone:floor_stone:floor_stone:floor_stone:floor_stone:floor_stone:floor_stone:floor_stone:floor_stone:floor_stone:floor_stone:floor_stone:floor_stone:floor_stone:floor_stone:floor_stone:floor_stone:floor_stone:floor_stone:floor_stone:floor_stone:floor_stone
floor_stone:floor_stone:floor_stone:floor_stone:floor_stone:floor_stone:floor_stone:floor_stone:floor_stone:floor_stone:floor_stone:floor_stone:floor_stone:floor_stone:floor_stone:floor_stone:floor_stone:floor_stone:floor_stone:floor_stone:floor_stone:floor_stone:floor_stone:floor_stone:floor_stone:floor_stone:floor_stone:floor_stone:floor_stone:floor_stone:floor_stone:floor_stone:floor_stone:floor_stone:floor_stone:floor_stone:floor_stone:floor_stone:floor_stone:floor_stone:floor_stone:floor_stone:floor_stone:floor_stone:floor_stone:floor_stone:floor_stone:floor_stone:floor_stone:floor_stone
***
wall:wall:wall:wall:wall:wall:wall:wall:wall:wall:wall:wall:wall:wall:wall:wall:wall:wall:wall:wall:wall:wall:wall:wall:wall:wall:wall:wall:wall:wall:wall:wall:wall:wall:wall:wall:wall:wall:wall:wall:wall:wall:wall:wall:wall:wall:wall:wall:wall:wall
wall:null:null:null:null:null:null:null:null:null:null:null:null:null:null:null:null:null:null:null:null:null:null:null:null:null:null:null:null:null:null:null:null:null:null:null:null:null:null:null:null:null:null:null:null:null:null:null:null:wall
wall:null:null:null:null:null:null:null:null:null:null:null:null:null:null:null:null:null:null:null:null:null:null:null:null:null:null:null:null:null:null:null:null:null:null:null:null:null:null:null:null:null:null:null:null:null:null:null:null:wall
wall:null:null:null:null:null:null:null:null:null:null:null:null:null:null:null:null:null:null:null:null:null:null:null:null:null:null:null:null:null:null:null:null:null:null:null:null:null:null:null:null:null:null:null:null:null:null:null:null:wall
wall:null:null:null:null:null:null:null:null:null:null:null:null:null:null:null:null:null:null:null:null:null:null:null:null:null:null:null:null:null:null:water:water:water:water:water:null:null:null:null:null:null:null:null:null:null:null:null:null:wall
wall:null:null:null:null:null:null:null:null:null:null:null:null:null:null:null:null:null:null:null:null:null:null:null:null:null:null:null:null:water:water:water:water:water:water:water:water:water:water:null:null:null:null:null:null:null:null:null:null:wall
wall:null:null:null:null:null:null:null:null:null:null:null:null:null:null:null:null:null:null:null:null:null:null:null:null:wall:null:null:null:water:water:water:water:water:water:water:water:water:water:null:null:null:null:null:null:null:null:null:null:wall
wall:null:null:null:null:null:null:null:null:column:null:null:null:null:null:null:null:null:column:null:null:null:null:null:null:wall:null:column:null:water:water:water:water:water:null:null:column:water:water:null:null:null:null:null:null:column:null:null:null:wall
wall:null:null:null:null:null:null:null:null:null:null:null:null:null:null:null:null:null:null:null:null:null:null:null:null:wall:null:null:null:water:water:water:water:null:null:water:water:water:water:null:null:null:null:null:null:null:null:null:null:wall
wall:null:null:null:null:null:null:null:null:null:null:null:null:null:null:null:null:null:null:null:null:null:null:null:null:wall:null:null:null:null:water:water:water:null:water:water:water:water:water:null:null:null:null:null:null:null:null:null:null:wall
wall:null:null:null:null:null:null:null:null:null:null:null:null:null:null:null:null:null:null:null:null:null:null:null:null:wall:null:null:null:null:null:null:null:null:water:water:water:water:null:null:null:null:null:null:null:null:null:null:null:wall
wall:null:null:null:null:null:null:null:null:null:null:null:null:null:null:null:null:null:null:null:null:null:null:null:null:wall:null:null:null:null:null:null:null:null:null:null:null:null:null:null:null:null:null:null:null:null:null:null:null:wall
wall:null:null:null:null:null:null:null:null:null:null:null:null:null:null:null:null:null:null:null:null:null:null:null:null:wall:null:null:null:null:null:null:null:null:null:null:null:null:null:null:null:null:null:null:null:null:null:null:null:wall
wall:null:null:null:null:null:null:null:null:null:null:null:null:null:null:null:null:null:null:null:null:null:null:null:null:wall:null:null:null:null:null:null:null:null:null:null:null:null:null:null:null:null:null:null:null:null:null:null:null:wall
wall:null:null:null:null:null:null:null:null:column:null:null:null:null:null:null:null:null:column:null:null:null:null:null:null:wall:null:column:null:null:null:null:null:null:null:null:column:null:null:null:null:null:null:null:null:column:null:null:null:wall
wall:null:null:null:null:null:null:null:null:null:null:null:null:null:null:null:null:null:null:null:null:null:null:null:null:wall:null:null:null:null:null:null:null:null:null:null:null:null:null:null:null:null:null:null:null:null:null:null:null:wall
wall:null:null:null:null:null:null:null:null:null:null:null:null:null:null:null:null:null:null:null:null:null:null:null:null:wall:null:null:null:null:null:null:null:null:null:null:null:null:null:null:null:null:null:null:null:null:null:null:null:wall
wall:null:null:null:null:null:null:null:null:null:null:null:null:null:null:null:null:null:null:null:null:null:null:null:null:wall:null:null:null:null:null:null:null:null:null:null:null:null:null:null:null:null:null:null:null:null:null:null:null:wall
wall:null:null:null:null:null:null:null:null:null:null:null:null:null:null:null:null:null:null:null:null:null:null:null:null:wall:null:null:null:null:null:null:null:null:null:null:null:null:null:null:null:null:null:null:null:null:null:null:null:wall
wall:null:null:null:null:null:null:null:null:null:null:null:null:null:null:null:null:null:null:null:null:null:null:null:null:wall:null:null:null:null:null:null:null:null:null:null:null:null:null:null:null:null:null:null:null:null:null:null:null:wall
wall:null:null:null:null:null:null:null:null:null:null:null:null:null:null:null:null:null:null:null:null:null:null:null:null:wall:null:null:null:null:null:null:null:null:null:null:null:null:null:null:null:null:null:null:null:null:null:null:null:wall
wall:null:null:null:null:null:null:null:null:column:null:null:null:null:null:null:null:null:column:null:null:null:null:null:null:wall:null:column:null:null:null:null:null:null:null:null:column:null:null:null:null:null:null:null:null:column:null:null:null:wall
wall:null:null:null:null:null:null:null:null:null:null:null:null:null:null:null:null:null:null:null:null:null:null:null:null:wall:null:null:null:null:null:null:null:null:null:null:null:null:null:null:null:null:null:null:null:null:null:null:null:wall
wall:null:null:null:null:null:null:null:null:null:null:null:null:null:null:null:null:null:null:null:null:null:null:null:null:null:null:null:null:null:null:null:null:null:null:null:null:null:null:null:null:null:null:null:null:null:null:null:null:wall
wall:null:null:null:null:null:null:null:null:null:null:null:null:null:null:null:null:null:null:null:null:null:null:null:null:null:null:null:null:null:null:null:null:null:null:null:null:null:null:null:null:null:null:null:null:null:null:null:null:wall
wall:null:null:null:null:null:null:null:null:null:null:null:null:null:null:null:null:null:null:null:null:null:null:null:null:null:null:null:null:null:null:null:null:null:null:null:null:null:null:null:null:null:null:null:null:null:null:null:null:wall
wall:null:null:null:null:null:null:null:null:null:null:null:null:null:null:null:null:null:null:null:null:null:null:null:null:null:null:null:null:null:null:null:null:null:null:null:null:null:null:null:null:null:null:null:null:null:null:null:null:wall
wall:wall:wall:wall:wall:wall:wall:wall:wall:wall:wall:wall:wall:wall:wall:wall:wall:wall:wall:wall:wall:wall:wall:wall:wall:wall:wall:wall:wall:wall:wall:wall:wall:wall:wall:wall:wall:wall:wall:wall:wall:wall:wall:wall:wall:wall:wall:wall:wall:wall
***
1:1
***
Default Monster:48:26
Default Monster:48:1
Default Monster:1:26
