wall_00:wall_00:wall_00:wall_00:wall_00:wall_00:wall_00:wall_00:wall_00:wall_00:wall_00:wall_00:wall_00:wall_00:wall_00:wall_00:wall_00:wall_00:wall_00:wall_00:wall_00:wall_00:wall_00:wall_00:wall_00:wall_00:wall_00:wall_00
wall_00:floor_00:floor_00:floor_00:floor_00:floor_00:floor_00:floor_00:floor_00:floor_00:floor_00:floor_00:floor_00:floor_00:floor_00:floor_00:floor_00:floor_00:floor_00:floor_00:floor_00:floor_00:floor_00:floor_00:floor_00:floor_00:floor_00:wall_00
wall_00:floor_00:floor_00:floor_00:floor_00:floor_00:floor_00:floor_00:floor_00:floor_00:floor_00:floor_00:floor_00:floor_00:floor_00:floor_00:floor_00:floor_00:floor_00:floor_00:floor_00:floor_00:floor_00:floor_00:floor_00:floor_00:floor_00:wall_00
wall_00:floor_00:floor_00:floor_00:floor_00:floor_00:floor_00:floor_00:floor_00:floor_00:floor_00:floor_00:floor_00:floor_00:floor_00:floor_00:floor_00:floor_00:floor_00:floor_00:floor_00:floor_00:floor_00:floor_00:floor_00:floor_00:floor_00:wall_00
wall_00:floor_00:floor_00:floor_00:floor_00:floor_00:floor_00:floor_00:floor_00:floor_00:floor_00:floor_00:floor_00:floor_00:floor_00:floor_00:floor_00:floor_00:floor_00:floor_00:floor_00:floor_00:floor_00:floor_00:floor_00:floor_00:floor_00:wall_00
wall_00:floor_00:floor_00:floor_00:floor_00:floor_00:floor_00:floor_00:floor_00:floor_00:floor_00:floor_00:floor_00:floor_00:floor_00:floor_00:floor_00:floor_00:floor_00:floor_00:floor_00:floor_00:floor_00:floor_00:floor_00:floor_00:floor_00:wall_00
wall_00:floor_00:floor_00:floor_00:floor_00:floor_00:floor_00:floor_00:floor_00:floor_00:floor_00:floor_00:floor_00:floor_00:floor_00:floor_00:floor_00:floor_00:floor_00:floor_00:floor_00:floor_00:floor_00:floor_00:floor_00:floor_00:floor_00:wall_00
wall_00:floor_00:floor_00:floor_00:floor_00:floor_00:floor_00:floor_00:floor_00:floor_00:floor_00:floor_00:floor_00:floor_00:floor_00:floor_00:floor_00:floor_00:floor_00:floor_00:floor_00:floor_00:floor_00:floor_00:floor_00:floor_00:floor_00:wall_00
wall_00:floor_00:floor_00:floor_00:floor_00:floor_00:floor_00:floor_00:floor_00:floor_00:floor_00:floor_00:floor_00:floor_00:floor_00:floor_00:floor_00:floor_00:floor_00:floor_00:floor_00:floor_00:floor_00:floor_00:floor_00:floor_00:floor_00:wall_00
wall_00:floor_00:floor_00:floor_00:floor_00:floor_00:floor_00:floor_00:floor_00:floor_00:floor_00:floor_00:floor_00:floor_00:floor_00:floor_00:floor_00:floor_00:floor_00:floor_00:floor_00:floor_00:floor_00:floor_00:floor_00:floor_00:floor_00:wall_00
wall_00:floor_00:floor_00:floor_00:floor_00:floor_00:floor_00:floor_00:floor_00:floor_00:floor_00:floor_00:floor_00:floor_00:floor_00:floor_00:floor_00:floor_00:floor_00:floor_00:floor_00:floor_00:floor_00:floor_00:floor_00:floor_00:floor_00:wall_00
wall_00:floor_00:floor_00:floor_00:floor_00:floor_00:floor_00:floor_00:floor_00:floor_00:floor_00:floor_00:floor_00:floor_00:floor_00:floor_00:floor_00:floor_00:floor_00:floor_00:floor_00:floor_00:floor_00:floor_00:floor_00:floor_00:floor_00:wall_00
wall_00:floor_00:floor_00:floor_00:floor_00:floor_00:floor_00:floor_00:floor_00:floor_00:floor_00:floor_00:floor_00:floor_00:floor_00:floor_00:floor_00:floor_00:floor_00:floor_00:floor_00:floor_00:floor_00:floor_00:floor_00:floor_00:floor_00:wall_00
wall_00:floor_00:floor_00:floor_00:floor_00:floor_00:floor_00:floor_00:floor_00:floor_00:floor_00:floor_00:floor_00:floor_00:floor_00:floor_00:floor_00:floor_00:floor_00:floor_00:floor_00:floor_00:floor_00:floor_00:floor_00:floor_00:floor_00:wall_00
wall_00:floor_00:floor_00:floor_00:floor_00:floor_00:floor_00:floor_00:floor_00:floor_00:floor_00:floor_00:floor_00:floor_00:floor_00:floor_00:floor_00:floor_00:floor_00:floor_00:floor_00:floor_00:floor_00:floor_00:floor_00:floor_00:floor_00:wall_00
wall_00:floor_00:floor_00:floor_00:floor_00:floor_00:floor_00:floor_00:floor_00:floor_00:floor_00:floor_00:floor_00:floor_00:floor_00:floor_00:floor_00:floor_00:floor_00:floor_00:floor_00:floor_00:floor_00:floor_00:floor_00:floor_00:floor_00:wall_00
wall_00:floor_00:floor_00:floor_00:floor_00:floor_00:floor_00:floor_00:floor_00:floor_00:floor_00:floor_00:floor_00:floor_00:floor_00:floor_00:floor_00:floor_00:floor_00:floor_00:floor_00:floor_00:floor_00:floor_00:floor_00:floor_00:floor_00:wall_00
wall_00:floor_00:floor_00:floor_00:floor_00:floor_00:floor_00:floor_00:floor_00:floor_00:floor_00:floor_00:floor_00:floor_00:floor_00:floor_00:floor_00:floor_00:floor_00:floor_00:floor_00:floor_00:floor_00:floor_00:floor_00:floor_00:floor_00:wall_00
wall_00:floor_00:floor_00:floor_00:floor_00:floor_00:floor_00:floor_00:floor_00:floor_00:floor_00:floor_00:floor_00:floor_00:floor_00:floor_00:floor_00:floor_00:floor_00:floor_00:floor_00:floor_00:floor_00:floor_00:floor_00:floor_00:floor_00:wall_00
wall_00:floor_00:floor_00:floor_00:floor_00:floor_00:floor_00:floor_00:floor_00:floor_00:floor_00:floor_00:floor_00:floor_00:floor_00:floor_00:floor_00:floor_00:floor_00:floor_00:floor_00:floor_00:floor_00:floor_00:floor_00:floor_00:floor_00:wall_00
wall_00:floor_00:floor_00:floor_00:floor_00:floor_00:floor_00:floor_00:floor_00:floor_00:floor_00:floor_00:floor_00:floor_00:floor_00:floor_00:floor_00:floor_00:floor_00:floor_00:floor_00:floor_00:floor_00:floor_00:floor_00:floor_00:floor_00:wall_00
wall_00:floor_00:floor_00:floor_00:floor_00:floor_00:floor_00:floor_00:floor_00:floor_00:floor_00:floor_00:floor_00:floor_00:floor_00:floor_00:floor_00:floor_00:floor_00:floor_00:floor_00:floor_00:floor_00:floor_00:floor_00:floor_00:floor_00:wall_00
wall_00:floor_00:floor_00:floor_00:floor_00:floor_00:floor_00:floor_00:floor_00:floor_00:floor_00:floor_00:floor_00:floor_00:floor_00:floor_00:floor_00:floor_00:floor_00:floor_00:floor_00:floor_00:floor_00:floor_00:floor_00:floor_00:floor_00:wall_00
wall_00:floor_00:floor_00:floor_00:floor_00:floor_00:floor_00:floor_00:floor_00:floor_00:floor_00:floor_00:floor_00:floor_00:floor_00:floor_00:floor_00:floor_00:floor_00:floor_00:floor_00:floor_00:floor_00:floor_00:floor_00:floor_00:floor_00:wall_00
wall_00:floor_00:floor_00:floor_00:floor_00:floor_00:floor_00:floor_00:floor_00:floor_00:floor_00:floor_00:floor_00:floor_00:floor_00:floor_00:floor_00:floor_00:floor_00:floor_00:floor_00:floor_00:floor_00:floor_00:floor_00:floor_00:floor_00:wall_00
wall_00:floor_00:floor_00:floor_00:floor_00:floor_00:floor_00:floor_00:floor_00:floor_00:floor_00:floor_00:floor_00:floor_00:floor_00:floor_00:floor_00:floor_00:floor_00:floor_00:floor_00:floor_00:floor_00:floor_00:floor_00:floor_00:floor_00:wall_00
wall_00:floor_00:floor_00:floor_00:floor_00:floor_00:floor_00:floor_00:floor_00:floor_00:floor_00:floor_00:floor_00:floor_00:floor_00:floor_00:floor_00:floor_00:floor_00:floor_00:floor_00:floor_00:floor_00:floor_00:floor_00:floor_00:floor_00:wall_00
wall_00:floor_00:floor_00:floor_00:floor_00:floor_00:floor_00:floor_00:floor_00:floor_00:floor_00:floor_00:floor_00:floor_00:floor_00:floor_00:floor_00:floor_00:floor_00:floor_00:floor_00:floor_00:floor_00:floor_00:floor_00:floor_00:floor_00:wall_00
wall_00:floor_00:floor_00:floor_00:floor_00:floor_00:floor_00:floor_00:floor_00:floor_00:floor_00:floor_00:floor_00:floor_00:floor_00:floor_00:floor_00:floor_00:floor_00:floor_00:floor_00:floor_00:floor_00:floor_00:floor_00:floor_00:floor_00:wall_00
wall_00:floor_00:floor_00:floor_00:floor_00:floor_00:floor_00:floor_00:floor_00:floor_00:floor_00:floor_00:floor_00:floor_00:floor_00:floor_00:floor_00:floor_00:floor_00:floor_00:floor_00:floor_00:floor_00:floor_00:floor_00:floor_00:floor_00:wall_00
wall_00:floor_00:floor_00:floor_00:floor_00:floor_00:floor_00:floor_00:floor_00:floor_00:floor_00:floor_00:floor_00:floor_00:floor_00:floor_00:floor_00:floor_00:floor_00:floor_00:floor_00:floor_00:floor_00:floor_00:floor_00:floor_00:floor_00:wall_00
wall_00:floor_00:floor_00:floor_00:floor_00:floor_00:floor_00:floor_00:floor_00:floor_00:floor_00:floor_00:floor_00:floor_00:floor_00:floor_00:floor_00:floor_00:floor_00:floor_00:floor_00:floor_00:floor_00:floor_00:floor_00:floor_00:floor_00:wall_00
wall_00:floor_00:floor_00:floor_00:floor_00:floor_00:floor_00:floor_00:floor_00:floor_00:floor_00:floor_00:floor_00:floor_00:floor_00:floor_00:floor_00:floor_00:floor_00:floor_00:floor_00:floor_00:floor_00:floor_00:floor_00:floor_00:floor_00:wall_00
wall_00:floor_00:floor_00:floor_00:floor_00:floor_00:floor_00:floor_00:floor_00:floor_00:floor_00:floor_00:floor_00:floor_00:floor_00:floor_00:floor_00:floor_00:floor_00:floor_00:floor_00:floor_00:floor_00:floor_00:floor_00:floor_00:floor_00:wall_00
wall_00:floor_00:floor_00:floor_00:floor_00:floor_00:floor_00:floor_00:floor_00:floor_00:floor_00:floor_00:floor_00:floor_00:floor_00:floor_00:floor_00:floor_00:floor_00:floor_00:floor_00:floor_00:floor_00:floor_00:floor_00:floor_00:floor_00:wall_00
wall_00:floor_00:floor_00:floor_00:floor_00:floor_00:floor_00:floor_00:floor_00:floor_00:floor_00:floor_00:floor_00:floor_00:floor_00:floor_00:floor_00:floor_00:floor_00:floor_00:floor_00:floor_00:floor_00:floor_00:floor_00:floor_00:floor_00:wall_00
wall_00:floor_00:floor_00:floor_00:floor_00:floor_00:floor_00:floor_00:floor_00:floor_00:floor_00:floor_00:floor_00:floor_00:floor_00:floor_00:floor_00:floor_00:floor_00:floor_00:floor_00:floor_00:floor_00:floor_00:floor_00:floor_00:floor_00:wall_00
wall_00:floor_00:floor_00:floor_00:floor_00:floor_00:floor_00:floor_00:floor_00:floor_00:floor_00:floor_00:floor_00:floor_00:floor_00:floor_00:floor_00:floor_00:floor_00:floor_00:floor_00:floor_00:floor_00:floor_00:floor_00:floor_00:floor_00:wall_00
wall_00:floor_00:floor_00:floor_00:floor_00:floor_00:floor_00:floor_00:floor_00:floor_00:floor_00:floor_00:floor_00:floor_00:floor_00:floor_00:floor_00:floor_00:floor_00:floor_00:floor_00:floor_00:floor_00:floor_00:floor_00:floor_00:floor_00:wall_00
wall_00:floor_00:floor_00:floor_00:floor_00:floor_00:floor_00:floor_00:floor_00:floor_00:floor_00:floor_00:floor_00:floor_00:floor_00:floor_00:floor_00:floor_00:floor_00:floor_00:floor_00:floor_00:floor_00:floor_00:floor_00:floor_00:floor_00:wall_00
wall_00:floor_00:floor_00:floor_00:floor_00:floor_00:floor_00:floor_00:floor_00:floor_00:floor_00:floor_00:floor_00:floor_00:floor_00:floor_00:floor_00:floor_00:floor_00:floor_00:floor_00:floor_00:floor_00:floor_00:floor_00:floor_00:floor_00:wall_00
wall_00:floor_00:floor_00:floor_00:floor_00:floor_00:floor_00:floor_00:floor_00:floor_00:floor_00:floor_00:floor_00:floor_00:floor_00:floor_00:floor_00:floor_00:floor_00:floor_00:floor_00:floor_00:floor_00:floor_00:floor_00:floor_00:floor_00:wall_00
wall_00:floor_00:floor_00:floor_00:floor_00:floor_00:floor_00:floor_00:floor_00:floor_00:floor_00:floor_00:floor_00:floor_00:floor_00:floor_00:floor_00:floor_00:floor_00:floor_00:floor_00:floor_00:floor_00:floor_00:floor_00:floor_00:floor_00:wall_00
wall_00:floor_00:floor_00:floor_00:floor_00:floor_00:floor_00:floor_00:floor_00:floor_00:floor_00:floor_00:floor_00:floor_00:floor_00:floor_00:floor_00:floor_00:floor_00:floor_00:floor_00:floor_00:floor_00:floor_00:floor_00:floor_00:floor_00:wall_00
wall_00:floor_00:floor_00:floor_00:floor_00:floor_00:floor_00:floor_00:floor_00:floor_00:floor_00:floor_00:floor_00:floor_00:floor_00:floor_00:floor_00:floor_00:floor_00:floor_00:floor_00:floor_00:floor_00:floor_00:floor_00:floor_00:floor_00:wall_00
wall_00:floor_00:floor_00:floor_00:floor_00:floor_00:floor_00:floor_00:floor_00:floor_00:floor_00:floor_00:floor_00:floor_00:floor_00:floor_00:floor_00:floor_00:floor_00:floor_00:floor_00:floor_00:floor_00:floor_00:floor_00:floor_00:floor_00:wall_00
wall_00:floor_00:floor_00:floor_00:floor_00:floor_00:floor_00:floor_00:floor_00:floor_00:floor_00:floor_00:floor_00:floor_00:floor_00:floor_00:floor_00:floor_00:floor_00:floor_00:floor_00:floor_00:floor_00:floor_00:floor_00:floor_00:floor_00:wall_00
wall_00:floor_00:floor_00:floor_00:floor_00:floor_00:floor_00:floor_00:floor_00:floor_00:floor_00:floor_00:floor_00:floor_00:floor_00:floor_00:floor_00:floor_00:floor_00:floor_00:floor_00:floor_00:floor_00:floor_00:floor_00:floor_00:floor_00:wall_00
wall_00:floor_00:floor_00:floor_00:floor_00:floor_00:floor_00:floor_00:floor_00:floor_00:floor_00:floor_00:floor_00:floor_00:floor_00:floor_00:floor_00:floor_00:floor_00:floor_00:floor_00:floor_00:floor_00:floor_00:floor_00:floor_00:floor_00:wall_00
wall_00:wall_00:wall_00:wall_00:wall_00:wall_00:wall_00:wall_00:wall_00:wall_00:wall_00:wall_00:wall_00:wall_00:wall_00:wall_00:wall_00:wall_00:wall_00:wall_00:wall_00:wall_00:wall_00:wall_00:wall_00:wall_00:wall_00:wall_00
